C:\projects\Stabilizacja_ukladu_statek\ProjektGrupowy_git\Projekt\Kadlub\Logical\Global.typ
C:\projects\Stabilizacja_ukladu_statek\ProjektGrupowy_git\Projekt\Kadlub\Logical\Global.var
C:\projects\Stabilizacja_ukladu_statek\ProjektGrupowy_git\Projekt\Kadlub\Logical\Libraries\operator\operator.fun
C:\projects\Stabilizacja_ukladu_statek\ProjektGrupowy_git\Projekt\Kadlub\Logical\Libraries\operator\operator.typ
C:\projects\Stabilizacja_ukladu_statek\ProjektGrupowy_git\Projekt\Kadlub\Logical\Libraries\operator\operator.var
C:\projects\Stabilizacja_ukladu_statek\ProjektGrupowy_git\Projekt\Kadlub\Logical\Libraries\runtime\runtime.fun
C:\projects\Stabilizacja_ukladu_statek\ProjektGrupowy_git\Projekt\Kadlub\Logical\Libraries\runtime\runtime.typ
C:\projects\Stabilizacja_ukladu_statek\ProjektGrupowy_git\Projekt\Kadlub\Logical\Libraries\runtime\runtime.var
C:\projects\Stabilizacja_ukladu_statek\ProjektGrupowy_git\Projekt\Kadlub\Logical\Libraries\astime\astime.fun
C:\projects\Stabilizacja_ukladu_statek\ProjektGrupowy_git\Projekt\Kadlub\Logical\Libraries\astime\astime.typ
C:\projects\Stabilizacja_ukladu_statek\ProjektGrupowy_git\Projekt\Kadlub\Logical\Libraries\astime\astime.var
C:\projects\Stabilizacja_ukladu_statek\ProjektGrupowy_git\Projekt\Kadlub\Logical\Libraries\AsIecCon\AsIecCon.fun
C:\projects\Stabilizacja_ukladu_statek\ProjektGrupowy_git\Projekt\Kadlub\Logical\Libraries\AsIecCon\AsIecCon.typ
C:\projects\Stabilizacja_ukladu_statek\ProjektGrupowy_git\Projekt\Kadlub\Logical\Libraries\AsIecCon\AsIecCon.var
